--------------------------------------------------------------------------------
Release 14.7 Trace  (nt)
Copyright (c) 1995-2013 Xilinx, Inc.  All rights reserved.

E:\Software\Xilinx\14.7\ISE_DS\ISE\bin\nt\unwrapped\trce.exe -intstyle ise -o
mojo_top_0.twr -v 30 -l 30 mojo_top_0_routed.ncd mojo_top_0.pcf

Design file:              mojo_top_0_routed.ncd
Physical constraint file: mojo_top_0.pcf
Device,package,speed:     xc6slx9,tqg144,C,-2 (PRODUCTION 1.23 2013-10-13)
Report level:             verbose report, limited to 30 items per constraint

Environment Variable      Effect 
--------------------      ------ 
NONE                      No environment variables were set
--------------------------------------------------------------------------------

INFO:Timing:2698 - No timing constraints found, doing default enumeration.
INFO:Timing:3412 - To improve timing, see the Timing Closure User Guide (UG612).
INFO:Timing:2752 - To get complete path coverage, use the unconstrained paths 
   option. All paths that are not constrained will be reported in the 
   unconstrained paths section(s) of the report.
INFO:Timing:3339 - The clock-to-out numbers in this timing report are based on 
   a 50 Ohm transmission line loading model.  For the details of this model, 
   and for more information on accounting for different loading conditions, 
   please see the device datasheet.



Data Sheet report:
-----------------
All values displayed in nanoseconds (ns)

Pad to Pad
---------------+---------------+---------+
Source Pad     |Destination Pad|  Delay  |
---------------+---------------+---------+
io_dip[0]      |io_led[0]      |   13.801|
io_dip[0]      |io_led[1]      |   13.095|
io_dip[0]      |io_led[2]      |   12.968|
io_dip[0]      |io_led[3]      |   13.671|
io_dip[0]      |io_led[4]      |   13.395|
io_dip[0]      |io_led[5]      |   13.525|
io_dip[0]      |io_led[6]      |   13.838|
io_dip[0]      |io_led[7]      |   14.333|
io_dip[0]      |led[0]         |   12.539|
io_dip[0]      |led[1]         |   13.123|
io_dip[0]      |led[2]         |   13.891|
io_dip[1]      |io_led[0]      |   13.733|
io_dip[1]      |io_led[1]      |   12.320|
io_dip[1]      |io_led[2]      |   12.768|
io_dip[1]      |io_led[3]      |   13.266|
io_dip[1]      |io_led[4]      |   13.311|
io_dip[1]      |io_led[5]      |   13.375|
io_dip[1]      |io_led[6]      |   13.806|
io_dip[1]      |io_led[7]      |   13.928|
io_dip[1]      |led[0]         |   12.455|
io_dip[1]      |led[1]         |   13.039|
io_dip[1]      |led[2]         |   13.823|
io_dip[2]      |io_led[0]      |   13.090|
io_dip[2]      |io_led[1]      |   13.349|
io_dip[2]      |io_led[2]      |   12.754|
io_dip[2]      |io_led[3]      |   12.610|
io_dip[2]      |io_led[4]      |   12.668|
io_dip[2]      |io_led[5]      |   12.874|
io_dip[2]      |io_led[6]      |   13.880|
io_dip[2]      |io_led[7]      |   14.163|
io_dip[2]      |led[0]         |   11.812|
io_dip[2]      |led[1]         |   12.396|
io_dip[2]      |led[2]         |   13.180|
io_dip[3]      |io_led[0]      |   13.710|
io_dip[3]      |io_led[1]      |   13.918|
io_dip[3]      |io_led[2]      |   13.576|
io_dip[3]      |io_led[3]      |   13.268|
io_dip[3]      |io_led[4]      |   13.563|
io_dip[3]      |io_led[5]      |   13.627|
io_dip[3]      |io_led[6]      |   14.106|
io_dip[3]      |io_led[7]      |   14.201|
io_dip[3]      |led[0]         |   12.707|
io_dip[3]      |led[1]         |   13.291|
io_dip[3]      |led[2]         |   13.800|
io_dip[4]      |io_led[0]      |   13.029|
io_dip[4]      |io_led[1]      |   13.040|
io_dip[4]      |io_led[2]      |   13.236|
io_dip[4]      |io_led[3]      |   12.926|
io_dip[4]      |io_led[4]      |   12.690|
io_dip[4]      |io_led[5]      |   12.740|
io_dip[4]      |io_led[6]      |   13.946|
io_dip[4]      |io_led[7]      |   13.759|
io_dip[4]      |led[0]         |   11.945|
io_dip[4]      |led[1]         |   12.529|
io_dip[4]      |led[2]         |   12.913|
io_dip[5]      |io_led[0]      |   12.845|
io_dip[5]      |io_led[1]      |   13.467|
io_dip[5]      |io_led[2]      |   13.637|
io_dip[5]      |io_led[3]      |   12.961|
io_dip[5]      |io_led[4]      |   13.275|
io_dip[5]      |io_led[5]      |   12.558|
io_dip[5]      |io_led[6]      |   13.743|
io_dip[5]      |io_led[7]      |   13.843|
io_dip[5]      |led[0]         |   11.859|
io_dip[5]      |led[1]         |   12.443|
io_dip[5]      |led[2]         |   12.776|
io_dip[6]      |io_led[0]      |   13.619|
io_dip[6]      |io_led[1]      |   13.465|
io_dip[6]      |io_led[2]      |   13.661|
io_dip[6]      |io_led[3]      |   13.516|
io_dip[6]      |io_led[4]      |   13.656|
io_dip[6]      |io_led[5]      |   13.839|
io_dip[6]      |io_led[6]      |   13.752|
io_dip[6]      |io_led[7]      |   14.349|
io_dip[6]      |led[0]         |   12.365|
io_dip[6]      |led[1]         |   12.949|
io_dip[6]      |led[2]         |   13.282|
io_dip[7]      |io_led[0]      |   12.778|
io_dip[7]      |io_led[1]      |   13.752|
io_dip[7]      |io_led[2]      |   13.524|
io_dip[7]      |io_led[3]      |   13.614|
io_dip[7]      |io_led[4]      |   13.013|
io_dip[7]      |io_led[5]      |   13.048|
io_dip[7]      |io_led[6]      |   14.014|
io_dip[7]      |io_led[7]      |   12.911|
io_dip[7]      |led[0]         |   11.951|
io_dip[7]      |led[1]         |   12.535|
io_dip[7]      |led[2]         |   12.868|
io_dip[8]      |io_led[0]      |   13.574|
io_dip[8]      |io_led[1]      |   14.094|
io_dip[8]      |io_led[2]      |   13.049|
io_dip[8]      |io_led[3]      |   13.426|
io_dip[8]      |io_led[4]      |   13.564|
io_dip[8]      |io_led[5]      |   14.172|
io_dip[8]      |io_led[6]      |   14.563|
io_dip[8]      |io_led[7]      |   14.088|
io_dip[8]      |led[0]         |   12.304|
io_dip[8]      |led[1]         |   12.888|
io_dip[8]      |led[2]         |   13.664|
io_dip[9]      |io_led[0]      |   13.355|
io_dip[9]      |io_led[1]      |   13.692|
io_dip[9]      |io_led[2]      |   13.306|
io_dip[9]      |io_led[3]      |   13.148|
io_dip[9]      |io_led[4]      |   13.668|
io_dip[9]      |io_led[5]      |   14.276|
io_dip[9]      |io_led[6]      |   14.700|
io_dip[9]      |io_led[7]      |   13.849|
io_dip[9]      |led[0]         |   11.968|
io_dip[9]      |led[1]         |   12.552|
io_dip[9]      |led[2]         |   13.336|
io_dip[10]     |io_led[0]      |   13.996|
io_dip[10]     |io_led[1]      |   14.333|
io_dip[10]     |io_led[2]      |   14.402|
io_dip[10]     |io_led[3]      |   13.789|
io_dip[10]     |io_led[4]      |   14.309|
io_dip[10]     |io_led[5]      |   14.917|
io_dip[10]     |io_led[6]      |   14.947|
io_dip[10]     |io_led[7]      |   13.801|
io_dip[10]     |led[0]         |   11.956|
io_dip[10]     |led[1]         |   12.540|
io_dip[10]     |led[2]         |   13.324|
io_dip[11]     |io_led[0]      |   12.708|
io_dip[11]     |io_led[3]      |   12.266|
io_dip[11]     |io_led[4]      |   12.561|
io_dip[11]     |io_led[5]      |   12.625|
io_dip[11]     |io_led[6]      |   12.500|
io_dip[11]     |io_led[7]      |   12.665|
io_dip[11]     |led[0]         |   11.705|
io_dip[11]     |led[1]         |   12.289|
io_dip[11]     |led[2]         |   12.798|
io_dip[12]     |io_led[0]      |   12.533|
io_dip[12]     |io_led[4]      |   12.400|
io_dip[12]     |io_led[5]      |   12.450|
io_dip[12]     |io_led[6]      |   12.457|
io_dip[12]     |io_led[7]      |   12.615|
io_dip[12]     |led[0]         |   11.655|
io_dip[12]     |led[1]         |   12.239|
io_dip[12]     |led[2]         |   12.623|
io_dip[13]     |io_led[0]      |   12.090|
io_dip[13]     |io_led[5]      |   11.962|
io_dip[13]     |io_led[6]      |   12.054|
io_dip[13]     |io_led[7]      |   12.223|
io_dip[13]     |led[0]         |   11.263|
io_dip[13]     |led[1]         |   11.847|
io_dip[13]     |led[2]         |   12.180|
io_dip[14]     |io_led[0]      |   12.189|
io_dip[14]     |io_led[6]      |   12.157|
io_dip[14]     |io_led[7]      |   12.322|
io_dip[14]     |led[0]         |   11.362|
io_dip[14]     |led[1]         |   11.946|
io_dip[14]     |led[2]         |   12.279|
io_dip[15]     |io_led[0]      |   11.893|
io_dip[15]     |io_led[7]      |   12.026|
io_dip[15]     |led[0]         |   11.066|
io_dip[15]     |led[1]         |   11.650|
io_dip[15]     |led[2]         |   11.983|
io_dip[16]     |io_led[0]      |   15.731|
io_dip[16]     |io_led[1]      |   14.395|
io_dip[16]     |io_led[2]      |   14.766|
io_dip[16]     |io_led[3]      |   15.149|
io_dip[16]     |io_led[4]      |   15.444|
io_dip[16]     |io_led[5]      |   15.508|
io_dip[16]     |io_led[6]      |   15.383|
io_dip[16]     |io_led[7]      |   15.827|
io_dip[16]     |led[0]         |   14.588|
io_dip[16]     |led[1]         |   15.172|
io_dip[16]     |led[2]         |   15.821|
io_dip[17]     |io_led[0]      |   13.337|
io_dip[17]     |io_led[1]      |   14.312|
io_dip[17]     |io_led[2]      |   13.869|
io_dip[17]     |io_led[3]      |   14.617|
io_dip[17]     |io_led[4]      |   14.028|
io_dip[17]     |io_led[5]      |   14.258|
io_dip[17]     |io_led[6]      |   14.544|
io_dip[17]     |io_led[7]      |   15.749|
io_dip[18]     |io_led[0]      |   13.262|
io_dip[18]     |io_led[1]      |   12.924|
io_dip[18]     |io_led[2]      |   13.281|
io_dip[18]     |io_led[3]      |   14.174|
io_dip[18]     |io_led[4]      |   13.812|
io_dip[18]     |io_led[5]      |   13.965|
io_dip[18]     |io_led[6]      |   14.165|
io_dip[18]     |io_led[7]      |   13.799|
io_dip[19]     |io_led[0]      |   13.078|
io_dip[19]     |io_led[1]      |   13.084|
io_dip[19]     |io_led[2]      |   12.968|
io_dip[19]     |io_led[3]      |   13.538|
io_dip[19]     |io_led[4]      |   13.926|
io_dip[19]     |io_led[5]      |   13.399|
io_dip[19]     |io_led[6]      |   13.570|
io_dip[19]     |io_led[7]      |   13.685|
io_dip[20]     |io_led[0]      |   14.454|
io_dip[20]     |io_led[1]      |   14.184|
io_dip[20]     |io_led[2]      |   13.029|
io_dip[20]     |io_led[3]      |   15.007|
io_dip[20]     |io_led[4]      |   14.783|
io_dip[20]     |io_led[5]      |   14.393|
io_dip[20]     |io_led[6]      |   13.915|
io_dip[20]     |io_led[7]      |   14.015|
io_dip[21]     |io_led[0]      |   13.372|
io_dip[21]     |io_led[1]      |   13.197|
io_dip[21]     |io_led[2]      |   12.365|
io_dip[21]     |io_led[3]      |   14.257|
io_dip[21]     |io_led[4]      |   14.033|
io_dip[21]     |io_led[5]      |   13.586|
io_dip[21]     |io_led[6]      |   13.851|
io_dip[21]     |io_led[7]      |   13.097|
---------------+---------------+---------+


Analysis completed Mon Oct 16 20:11:53 2017 
--------------------------------------------------------------------------------

Trace Settings:
-------------------------
Trace Settings 

Peak Memory Usage: 170 MB



