--------------------------------------------------------------------------------
Release 14.7 Trace  (nt)
Copyright (c) 1995-2013 Xilinx, Inc.  All rights reserved.

E:\Software\Xilinx\14.7\ISE_DS\ISE\bin\nt\unwrapped\trce.exe -intstyle ise -o
mojo_top_0.twr -v 30 -l 30 mojo_top_0_routed.ncd mojo_top_0.pcf

Design file:              mojo_top_0_routed.ncd
Physical constraint file: mojo_top_0.pcf
Device,package,speed:     xc6slx9,tqg144,C,-2 (PRODUCTION 1.23 2013-10-13)
Report level:             verbose report, limited to 30 items per constraint

Environment Variable      Effect 
--------------------      ------ 
NONE                      No environment variables were set
--------------------------------------------------------------------------------

INFO:Timing:2698 - No timing constraints found, doing default enumeration.
INFO:Timing:3412 - To improve timing, see the Timing Closure User Guide (UG612).
INFO:Timing:2752 - To get complete path coverage, use the unconstrained paths 
   option. All paths that are not constrained will be reported in the 
   unconstrained paths section(s) of the report.
INFO:Timing:3339 - The clock-to-out numbers in this timing report are based on 
   a 50 Ohm transmission line loading model.  For the details of this model, 
   and for more information on accounting for different loading conditions, 
   please see the device datasheet.



Data Sheet report:
-----------------
All values displayed in nanoseconds (ns)

Pad to Pad
---------------+---------------+---------+
Source Pad     |Destination Pad|  Delay  |
---------------+---------------+---------+
io_dip[0]      |io_led[0]      |   20.946|
io_dip[0]      |io_led[1]      |   18.244|
io_dip[0]      |io_led[2]      |   19.171|
io_dip[0]      |io_led[3]      |   18.537|
io_dip[0]      |io_led[4]      |   19.093|
io_dip[0]      |io_led[5]      |   19.147|
io_dip[0]      |io_led[6]      |   18.615|
io_dip[0]      |io_led[7]      |   19.652|
io_dip[0]      |led[0]         |   18.695|
io_dip[0]      |led[1]         |   18.584|
io_dip[0]      |led[2]         |   20.701|
io_dip[1]      |io_led[0]      |   21.141|
io_dip[1]      |io_led[1]      |   18.439|
io_dip[1]      |io_led[2]      |   19.366|
io_dip[1]      |io_led[3]      |   18.732|
io_dip[1]      |io_led[4]      |   19.288|
io_dip[1]      |io_led[5]      |   19.342|
io_dip[1]      |io_led[6]      |   18.810|
io_dip[1]      |io_led[7]      |   19.847|
io_dip[1]      |led[0]         |   18.890|
io_dip[1]      |led[1]         |   18.779|
io_dip[1]      |led[2]         |   20.896|
io_dip[2]      |io_led[0]      |   21.262|
io_dip[2]      |io_led[1]      |   18.560|
io_dip[2]      |io_led[2]      |   19.487|
io_dip[2]      |io_led[3]      |   18.853|
io_dip[2]      |io_led[4]      |   19.409|
io_dip[2]      |io_led[5]      |   19.463|
io_dip[2]      |io_led[6]      |   18.931|
io_dip[2]      |io_led[7]      |   19.968|
io_dip[2]      |led[0]         |   19.011|
io_dip[2]      |led[1]         |   18.900|
io_dip[2]      |led[2]         |   21.017|
io_dip[3]      |io_led[0]      |   21.124|
io_dip[3]      |io_led[1]      |   18.422|
io_dip[3]      |io_led[2]      |   19.349|
io_dip[3]      |io_led[3]      |   18.715|
io_dip[3]      |io_led[4]      |   19.271|
io_dip[3]      |io_led[5]      |   19.325|
io_dip[3]      |io_led[6]      |   18.793|
io_dip[3]      |io_led[7]      |   19.830|
io_dip[3]      |led[0]         |   18.873|
io_dip[3]      |led[1]         |   18.762|
io_dip[3]      |led[2]         |   20.879|
io_dip[4]      |io_led[0]      |   20.781|
io_dip[4]      |io_led[1]      |   18.079|
io_dip[4]      |io_led[2]      |   19.006|
io_dip[4]      |io_led[3]      |   18.372|
io_dip[4]      |io_led[4]      |   18.928|
io_dip[4]      |io_led[5]      |   18.982|
io_dip[4]      |io_led[6]      |   18.450|
io_dip[4]      |io_led[7]      |   19.487|
io_dip[4]      |led[0]         |   18.530|
io_dip[4]      |led[1]         |   18.419|
io_dip[4]      |led[2]         |   20.536|
io_dip[5]      |io_led[0]      |   20.737|
io_dip[5]      |io_led[1]      |   18.035|
io_dip[5]      |io_led[2]      |   18.962|
io_dip[5]      |io_led[3]      |   18.328|
io_dip[5]      |io_led[4]      |   18.884|
io_dip[5]      |io_led[5]      |   18.938|
io_dip[5]      |io_led[6]      |   18.406|
io_dip[5]      |io_led[7]      |   19.443|
io_dip[5]      |led[0]         |   18.486|
io_dip[5]      |led[1]         |   18.375|
io_dip[5]      |led[2]         |   20.492|
io_dip[6]      |io_led[0]      |   20.770|
io_dip[6]      |io_led[1]      |   18.068|
io_dip[6]      |io_led[2]      |   18.995|
io_dip[6]      |io_led[3]      |   18.361|
io_dip[6]      |io_led[4]      |   18.917|
io_dip[6]      |io_led[5]      |   18.971|
io_dip[6]      |io_led[6]      |   18.439|
io_dip[6]      |io_led[7]      |   19.476|
io_dip[6]      |led[0]         |   18.519|
io_dip[6]      |led[1]         |   18.408|
io_dip[6]      |led[2]         |   20.525|
io_dip[7]      |io_led[0]      |   21.302|
io_dip[7]      |io_led[1]      |   18.600|
io_dip[7]      |io_led[2]      |   19.527|
io_dip[7]      |io_led[3]      |   18.893|
io_dip[7]      |io_led[4]      |   19.449|
io_dip[7]      |io_led[5]      |   19.503|
io_dip[7]      |io_led[6]      |   18.971|
io_dip[7]      |io_led[7]      |   20.008|
io_dip[7]      |led[0]         |   19.051|
io_dip[7]      |led[1]         |   18.940|
io_dip[7]      |led[2]         |   21.057|
io_dip[8]      |io_led[0]      |   20.002|
io_dip[8]      |io_led[1]      |   17.300|
io_dip[8]      |io_led[2]      |   18.227|
io_dip[8]      |io_led[3]      |   17.593|
io_dip[8]      |io_led[4]      |   18.149|
io_dip[8]      |io_led[5]      |   18.203|
io_dip[8]      |io_led[6]      |   17.671|
io_dip[8]      |io_led[7]      |   18.708|
io_dip[8]      |led[0]         |   17.751|
io_dip[8]      |led[1]         |   17.640|
io_dip[8]      |led[2]         |   19.757|
io_dip[9]      |io_led[0]      |   20.243|
io_dip[9]      |io_led[1]      |   17.541|
io_dip[9]      |io_led[2]      |   18.468|
io_dip[9]      |io_led[3]      |   17.834|
io_dip[9]      |io_led[4]      |   18.390|
io_dip[9]      |io_led[5]      |   18.444|
io_dip[9]      |io_led[6]      |   17.912|
io_dip[9]      |io_led[7]      |   18.949|
io_dip[9]      |led[0]         |   17.992|
io_dip[9]      |led[1]         |   17.881|
io_dip[9]      |led[2]         |   19.998|
io_dip[10]     |io_led[0]      |   20.501|
io_dip[10]     |io_led[1]      |   17.799|
io_dip[10]     |io_led[2]      |   18.726|
io_dip[10]     |io_led[3]      |   18.092|
io_dip[10]     |io_led[4]      |   18.648|
io_dip[10]     |io_led[5]      |   18.702|
io_dip[10]     |io_led[6]      |   18.170|
io_dip[10]     |io_led[7]      |   19.207|
io_dip[10]     |led[0]         |   18.250|
io_dip[10]     |led[1]         |   18.139|
io_dip[10]     |led[2]         |   20.256|
io_dip[11]     |io_led[0]      |   20.144|
io_dip[11]     |io_led[1]      |   17.442|
io_dip[11]     |io_led[2]      |   18.369|
io_dip[11]     |io_led[3]      |   17.735|
io_dip[11]     |io_led[4]      |   18.291|
io_dip[11]     |io_led[5]      |   18.345|
io_dip[11]     |io_led[6]      |   17.813|
io_dip[11]     |io_led[7]      |   18.850|
io_dip[11]     |led[0]         |   17.893|
io_dip[11]     |led[1]         |   17.782|
io_dip[11]     |led[2]         |   19.899|
io_dip[12]     |io_led[0]      |   19.803|
io_dip[12]     |io_led[1]      |   17.101|
io_dip[12]     |io_led[2]      |   18.028|
io_dip[12]     |io_led[3]      |   17.394|
io_dip[12]     |io_led[4]      |   17.950|
io_dip[12]     |io_led[5]      |   18.004|
io_dip[12]     |io_led[6]      |   17.472|
io_dip[12]     |io_led[7]      |   18.509|
io_dip[12]     |led[0]         |   17.552|
io_dip[12]     |led[1]         |   17.441|
io_dip[12]     |led[2]         |   19.558|
io_dip[13]     |io_led[0]      |   19.554|
io_dip[13]     |io_led[1]      |   16.852|
io_dip[13]     |io_led[2]      |   17.779|
io_dip[13]     |io_led[3]      |   17.145|
io_dip[13]     |io_led[4]      |   17.701|
io_dip[13]     |io_led[5]      |   17.755|
io_dip[13]     |io_led[6]      |   17.223|
io_dip[13]     |io_led[7]      |   18.260|
io_dip[13]     |led[0]         |   17.303|
io_dip[13]     |led[1]         |   17.192|
io_dip[13]     |led[2]         |   19.309|
io_dip[14]     |io_led[0]      |   19.834|
io_dip[14]     |io_led[1]      |   17.132|
io_dip[14]     |io_led[2]      |   18.059|
io_dip[14]     |io_led[3]      |   17.425|
io_dip[14]     |io_led[4]      |   17.981|
io_dip[14]     |io_led[5]      |   18.035|
io_dip[14]     |io_led[6]      |   17.503|
io_dip[14]     |io_led[7]      |   18.540|
io_dip[14]     |led[0]         |   17.583|
io_dip[14]     |led[1]         |   17.472|
io_dip[14]     |led[2]         |   19.589|
io_dip[15]     |io_led[0]      |   19.359|
io_dip[15]     |io_led[1]      |   16.657|
io_dip[15]     |io_led[2]      |   17.584|
io_dip[15]     |io_led[3]      |   16.950|
io_dip[15]     |io_led[4]      |   17.506|
io_dip[15]     |io_led[5]      |   17.560|
io_dip[15]     |io_led[6]      |   17.028|
io_dip[15]     |io_led[7]      |   18.065|
io_dip[15]     |led[0]         |   17.108|
io_dip[15]     |led[1]         |   16.997|
io_dip[15]     |led[2]         |   19.114|
io_dip[16]     |io_led[0]      |   18.208|
io_dip[16]     |io_led[1]      |   15.668|
io_dip[16]     |io_led[2]      |   16.646|
io_dip[16]     |io_led[3]      |   16.353|
io_dip[16]     |io_led[4]      |   16.408|
io_dip[16]     |io_led[5]      |   16.409|
io_dip[16]     |io_led[6]      |   16.306|
io_dip[16]     |io_led[7]      |   17.248|
io_dip[16]     |led[0]         |   16.291|
io_dip[16]     |led[1]         |   15.987|
io_dip[16]     |led[2]         |   17.963|
io_dip[17]     |io_led[0]      |   15.260|
io_dip[17]     |io_led[1]      |   14.514|
io_dip[17]     |io_led[2]      |   14.456|
io_dip[17]     |io_led[3]      |   14.071|
io_dip[17]     |io_led[4]      |   14.375|
io_dip[17]     |io_led[5]      |   14.030|
io_dip[17]     |io_led[6]      |   14.045|
io_dip[17]     |io_led[7]      |   14.178|
io_dip[17]     |led[0]         |   13.221|
io_dip[17]     |led[1]         |   13.613|
io_dip[17]     |led[2]         |   15.015|
io_dip[18]     |io_led[0]      |   14.709|
io_dip[18]     |io_led[1]      |   13.176|
io_dip[18]     |io_led[2]      |   13.912|
io_dip[18]     |io_led[3]      |   14.330|
io_dip[18]     |io_led[4]      |   14.360|
io_dip[18]     |io_led[5]      |   13.359|
io_dip[18]     |io_led[6]      |   14.367|
io_dip[18]     |io_led[7]      |   14.639|
io_dip[19]     |io_led[0]      |   14.402|
io_dip[19]     |io_led[1]      |   13.492|
io_dip[19]     |io_led[2]      |   13.522|
io_dip[19]     |io_led[3]      |   14.014|
io_dip[19]     |io_led[4]      |   14.245|
io_dip[19]     |io_led[5]      |   13.625|
io_dip[19]     |io_led[6]      |   14.073|
io_dip[19]     |io_led[7]      |   13.909|
io_dip[20]     |io_led[0]      |   14.727|
io_dip[20]     |io_led[1]      |   13.666|
io_dip[20]     |io_led[2]      |   13.914|
io_dip[20]     |io_led[3]      |   14.300|
io_dip[20]     |io_led[4]      |   14.645|
io_dip[20]     |io_led[5]      |   13.681|
io_dip[20]     |io_led[6]      |   14.131|
io_dip[20]     |io_led[7]      |   14.463|
io_dip[21]     |io_led[0]      |   14.360|
io_dip[21]     |io_led[1]      |   13.012|
io_dip[21]     |io_led[2]      |   12.457|
io_dip[21]     |io_led[3]      |   13.933|
io_dip[21]     |io_led[4]      |   14.278|
io_dip[21]     |io_led[5]      |   12.397|
io_dip[21]     |io_led[6]      |   13.048|
io_dip[21]     |io_led[7]      |   13.127|
---------------+---------------+---------+


Analysis completed Mon Oct 16 20:42:44 2017 
--------------------------------------------------------------------------------

Trace Settings:
-------------------------
Trace Settings 

Peak Memory Usage: 170 MB



